{
    "errors": [],
    "changedResources": [
        {
            "action": "read",
            "name": "ecr_image_digests",
            "type": "external",
            "fully_qualified_name": "data.external.ecr_image_digests",
            "module_path": "",
            "is_new": false,
            "is_tainted": false,
            "attributes": {
                "id": {
                    "name": "id",
                    "force_new_resource": false,
                    "old": null,
                    "new": {
                        "type": "computed",
                        "value": null
                    }
                },
                "program.#": {
                    "name": "program.#",
                    "force_new_resource": false,
                    "old": null,
                    "new": {
                        "type": "string",
                        "value": "1"
                    }
                },
                "program.0": {
                    "name": "program.0",
                    "force_new_resource": false,
                    "old": null,
                    "new": {
                        "type": "string",
                        "value": "extract-image-digests"
                    }
                },
                "result.%": {
                    "name": "result.%",
                    "force_new_resource": false,
                    "old": null,
                    "new": {
                        "type": "computed",
                        "value": null
                    }
                }
            }
        },
        {
            "action": "update",
            "name": "sample_app",
            "type": "aws_ecs_service",
            "fully_qualified_name": "aws_ecs_service.sample_app",
            "module_path": "",
            "is_new": false,
            "is_tainted": false,
            "attributes": {
                "task_definition": {
                    "name": "task_definition",
                    "force_new_resource": false,
                    "old": {
                        "type": "string",
                        "value": "arn:aws:ecs:us-east-1:123123123123:task-definition/sample-app:186"
                    },
                    "new": {
                        "type": "string",
                        "value": "${ aws_ecs_task_definition.sample_app.arn }"
                    }
                }
            }
        },
        {
            "action": "replace",
            "name": "sample_app",
            "type": "aws_ecs_task_definition",
            "fully_qualified_name": "aws_ecs_task_definition.sample_app",
            "module_path": "",
            "is_new": true,
            "is_tainted": false,
            "attributes": {
                "id": {
                    "name": "id",
                    "force_new_resource": true,
                    "old": {
                        "type": "string",
                        "value": "sample-app"
                    },
                    "new": {
                        "type": "computed",
                        "value": null
                    }
                },
                "arn": {
                    "name": "arn",
                    "force_new_resource": false,
                    "old": {
                        "type": "string",
                        "value": "arn:aws:ecs:us-east-1:123123123123:task-definition/sample-app:186"
                    },
                    "new": {
                        "type": "computed",
                        "value": null
                    }
                },
                "container_definitions": {
                    "name": "container_definitions",
                    "force_new_resource": true,
                    "old": {
                        "type": "string",
                        "value": "[{\"cpu\":1,\"environment\":[],\"essential\":true,\"image\":\"123123123123.dkr.ecr.us-east-1.amazonaws.com/sample-app@sha256:18979dcf521de65f736585d30b58e8085ecc44560fa8c530ad1eb17fecad1cab\",\"logConfiguration\":{\"logDriver\":\"awslogs\",\"options\":{\"awslogs-group\":\"sample-app\",\"awslogs-region\":\"us-east-1\",\"awslogs-stream-prefix\":\"sample-app\"}},\"memory\":256,\"mountPoints\":[],\"name\":\"sample-app\",\"portMappings\":[{\"containerPort\":8443,\"hostPort\":0,\"protocol\":\"tcp\"}],\"volumesFrom\":[]}]"
                    },
                    "new": {
                        "type": "string",
                        "value": "[\n  {\n    \"name\": \"sample-app\",\n    \"image\": \"${ aws_ecr_repository.sample_app.repository_url }@${ data.external.ecr_image_digests.result[\"sample-app\"] }\",\n    \"cpu\": 1,\n    \"memory\": 256,\n    \"essential\": true,\n    \"logConfiguration\": {\n      \"logDriver\": \"awslogs\",\n      \"options\": {\n        \"awslogs-group\": \"${ aws_cloudwatch_log_group.sample_app.name }\",\n        \"awslogs-region\": \"${ var.target_aws_region }\",\n        \"awslogs-stream-prefix\": \"sample-app\"\n      }\n    },\n    \"portMappings\": [\n      {\n        \"containerPort\": 8443,\n        \"hostPort\": 0\n      }\n    ]\n  }\n]\n"
                    }
                },
                "network_mode": {
                    "name": "network_mode",
                    "force_new_resource": false,
                    "old": {
                        "type": "string",
                        "value": ""
                    },
                    "new": {
                        "type": "computed",
                        "value": null
                    }
                },
                "revision": {
                    "name": "revision",
                    "force_new_resource": false,
                    "old": {
                        "type": "string",
                        "value": "186"
                    },
                    "new": {
                        "type": "computed",
                        "value": null
                    }
                }
            }
        },
        {
            "action": "replace",
            "name": "promote_images",
            "type": "null_resource",
            "fully_qualified_name": "null_resource.promote_images",
            "module_path": "",
            "is_new": true,
            "is_tainted": false,
            "attributes": {
                "id": {
                    "name": "id",
                    "force_new_resource": true,
                    "old": {
                        "type": "string",
                        "value": "1236159896537553123"
                    },
                    "new": {
                        "type": "computed",
                        "value": null
                    }
                },
                "triggers.deploy_job_hash": {
                    "name": "triggers.deploy_job_hash",
                    "force_new_resource": true,
                    "old": {
                        "type": "string",
                        "value": "6c37ac7175bdf35e24a2f2755addd238"
                    },
                    "new": {
                        "type": "string",
                        "value": "1a0bd86fc5831ee66858f2e159efa547"
                    }
                }
            }
        }
    ]
}
