{
    "errors": [
        "Could not find beginning of plan output."
    ],
    "changedResources": []
}
