{
    "errors": [],
    "changedResources": [
        {
            "action": "update",
            "name": "sample_app",
            "type": "aws_ecs_service",
            "fully_qualified_name": "aws_ecs_service.sample_app",
            "module_path": "",
            "is_new": false,
            "is_tainted": false,
            "attributes": {
                "setting.changed": {
                    "name": "setting.changed",
                    "force_new_resource": false,
                    "old": {
                        "type": "string",
                        "value": "A"
                    },
                    "new": {
                        "type": "string",
                        "value": "B"
                    }
                }
            }
        }
    ],
    "modules": []
}
