{
    "errors": [],
    "changedResources": [],
    "modules": [
        {
            "name": "consul_clients",
            "source": "modules/consul-cluster",
            "version": null
        },
        {
            "name": "root",
            "source": "git::https://git.example.com/terraform/mymodule.git",
            "version": "3.1.1"
        }
    ]
}
