{
    "errors": [
        "Could not find end of plan output."
    ],
    "changedResources": [],
    "modules": []
}
