{
    "errors": [],
    "changedResources": [],
    "modules": [
        {
            "name": "module.fargate",
            "source": "./modules/fargate",
            "version": null
        },
        {
            "name": "module.load_balancer.alb",
            "source": "git::https://git.example.com/custom-modules/load-balancer.git//modules/alb",
            "version": "v0.13.0"
        },
        {
            "name": "module.waf",
            "source": "./modules/waf",
            "version": null
        },
        {
            "name": "module.cloudfront",
            "source": "git::https://git.example.com/custom-modules/static-assets.git//modules/s3-cloudfront",
            "version": "v0.3.2"
        },
        {
            "name": "module.static_website",
            "source": "git::https://git.example.com/custom-modules/static-assets.git//modules/s3-static-website",
            "version": "v0.3.2"
        }
    ]
}
