{
    "errors": [],
    "changedResources": [],
    "modules": [
        {
            "name": "module.fargate",
            "source": "./modules/fargate",
            "version": null
        },
        {
            "name": "root",
            "source": "git::https://git.example.com/terraform/cloudfront-waf-tf.git",
            "version": "2.3.1"
        }
    ]
}
