{
    "errors": [],
    "changedResources": [],
    "modules": [
        {
            "name": "root",
            "source": "git::https://git.example.com/terraform/my-module//modules/component1?ref=master",
            "version": "master"
        }
    ]
}
